// Vitest Snapshot v1

exports[`Test5 1`] = `"{ transparent: string; white: string; black: string; whiteAlpha: Record<\\"50\\" | \\"100\\", string>; blackAlpha: Record<\\"50\\" | \\"100\\", string>; }"`;
